// Jest Snapshot v1, https://goo.gl/fbAQLP

exports[`Discover renders correct snapshot 1`] = `
<h1>
  About Here
</h1>
`;
