// Jest Snapshot v1, https://goo.gl/fbAQLP

exports[`Panel renders correct snapshot 1`] = `
.fxCqnE {
  background-color: #fff;
  border-radius: 3px;
  padding: 20px;
  box-shadow: 0px 1px 1px rgba(0, 0, 0, 0.1);
}

<div
  className="sc-bdVaJa fxCqnE"
>
  sometext
</div>
`;
