// Jest Snapshot v1, https://goo.gl/fbAQLP

exports[`App renders correct snapshot 1`] = `
<div>
  <header>
    <div
      className="sc-bdVaJa fYdnBr"
    />
  </header>
</div>
`;
